DUNFIELD 8051 ASSEMBLER: TJLAB2                                       PAGE: 1

0000                         1  	ORG	$0000	
0000  02 00 17               2  	LJMP	MAIN			;Initializing the MAIN program at 0015 to avoid overwriting the ISR	
0003                         3  
0003                         4  
0015                         5  	ORG	$0015      
0015  C2 97                  6  	CLR	P1.7			; Clear Port pin 1.7(set to LOGIC 0) 
0017  74 02                  7  MAIN	MOV	A,#02H			; Counter to count the full loop twice
0019  75 A8 82               8  	MOV	IE,#82H			; Enable global interrupt bit and Timer 0 interupt by mobing 82H to Interrupt Enable Register
001C  75 89 01               9  BACK	MOV	TMOD,#01H		; Set Timer 0 to Mode 1(16 bit timer)
001F  75 8A 00              10  	MOV	TL0,#00H		; Load 00H in Higher 8 bit of T0
0022  75 8C 00              11  	MOV	TH0,#00H		; Load 00H in Lower 8 bit of T0
0025  D2 8C                 12  	SETB	TCON.4			; Start Timer by setting TR0 bit
0027  30 8D FD              13  	JNB	TCON.5,$		; Check for TF0 Overflow flag 
002A  02 00 32              14  	LJMP	0032H			; Loop Back and chek for TF0
002D                        15  
000B                        16  	ORG	$000B			;ISR Starts
000B  B2 90                 17  ISR	CPL 	P1.0			;Toggle P1.0 pin at start of ISR
000D  14                    18  	DEC	A			;Decrement Counter 
000E  60 0C                 19  	JZ	BACK			;Jump back to Counter if Counter is not zero
0010  75 A8 00              20  	MOV	IE,#00H			; Disable Interrupts
0013  C2 8C                 21  	CLR	TCON.4			; Stop Counter
0015  75 8C 9F              22  	MOV	TH0,#9FH		; Load the Remaing COunt
0018  75 8A 9B              23  	MOV	TL0,#9BH		;	
001B  D2 8C                 24  	SETB	TCON.4			; Start timer T0
001D  30 8D FD              25  	JNB	TCON.5,$		; Check for TF0 Overflow flag	
0020  B2 97                 26  	CPL	P1.7			; Toggle the LED 
0022  75 A8 82              27  	MOV	IE,#82H			; Enable Interrupts
0025  B2 90                 28  	CPL     P1.0			; ISR last but one instruction
0027  32                    29  	RETI				; Return to program where left off
0028                        30  	
0028                        31   	
0028                        32  		
